scratch_ComputeForcesModel3.cpp: In member function ‘void CSceneVehicleCar::ComputeForcesModel3_Exact(CSceneVehicleCar*, float, GmVec3*, float, float, GmVec3*, GmVec3*, float, int, void*, int*, float*)’:
scratch_ComputeForcesModel3.cpp:108:27: warning: cast to pointer from integer of different size [-Wint-to-pointer-cast]
  108 |                           (void*)
      |                           ^~~~~~~
  109 |                           (uint32_t)*(uint16_t*)((char*)(size_t)pSVar7 + 0x128),(uint32_t)(*(size_t*)&unaff_EBX));
      |                           ~~~~~~~~~~~~~~~~~~~~~~~~~~~~~~~~~~~~~~~~~~~~~~~~~~~~~
scratch_ComputeForcesModel3.cpp:113:27: warning: cast to pointer from integer of different size [-Wint-to-pointer-cast]
  113 |                          ((void *)(*(int*)((char*)(size_t)((char*)(size_t)this + 0x68)) + 0x14),unaff_EBX,(uint32_t)(*(size_t*)&in_stack_ffffff94))
      |                           ^~~~~~~~~~~~~~~~~~~~~~~~~~~~~~~~~~~~~~~~~~~~~~~~~~~~~~~~~~~~~~~~~~~~~
scratch_ComputeForcesModel3.cpp:124:19: warning: cast to pointer from integer of different size [-Wint-to-pointer-cast]
  124 |         fVar13 = *(float *)(*(int*)(size_t)pSVar8 + 0xa4);
      |                   ^~~~~~~~~~~~~~~~~~~~~~~~~~~~~~~~~~~~~~~
scratch_ComputeForcesModel3.cpp:126:32: warning: cast to pointer from integer of different size [-Wint-to-pointer-cast]
  126 |           in_stack_ffffff98 = *(void**)(iVar1 + 0x24);
      |                                ^~~~~~~~~~~~~~~~~~~~~~
scratch_ComputeForcesModel3.cpp:131:16: warning: cast to pointer from integer of different size [-Wint-to-pointer-cast]
  131 |           if (*(int *)(*(int*)(size_t)pSVar8 + 0x354) != 0) {
      |                ^~~~~~~~~~~~~~~~~~~~~~~~~~~~~~~~~~~~~~
scratch_ComputeForcesModel3.cpp:132:24: warning: cast to pointer from integer of different size [-Wint-to-pointer-cast]
  132 |             pCVar21 = *(void**)(iVar1 + 0x24);
      |                        ^~~~~~~~~~~~~~~~~~~~~~
scratch_ComputeForcesModel3.cpp:137:18: warning: cast to pointer from integer of different size [-Wint-to-pointer-cast]
  137 |             if (*(int *)(*(int*)(size_t)pSVar8 + 0x354) == 1) {
      |                  ^~~~~~~~~~~~~~~~~~~~~~~~~~~~~~~~~~~~~~
scratch_ComputeForcesModel3.cpp:143:23: warning: cast to pointer from integer of different size [-Wint-to-pointer-cast]
  143 |                      *(void**)(iVar1 + 0x24);
      |                       ^~~~~~~~~~~~~~~~~~~~~~
scratch_ComputeForcesModel3.cpp:147:29: warning: cast to pointer from integer of different size [-Wint-to-pointer-cast]
  147 |                 fStack_c = *(float *)(*(int*)(size_t)pSVar8 + 0xb0);
      |                             ^~~~~~~~~~~~~~~~~~~~~~~~~~~~~~~~~~~~~~~
scratch_ComputeForcesModel3.cpp:151:36: warning: cast to pointer from integer of different size [-Wint-to-pointer-cast]
  151 |                                   *(void**)(iVar1 + 0x24)
      |                                    ^~~~~~~~~~~~~~~~~~~~~~
scratch_ComputeForcesModel3.cpp:153:25: warning: cast to pointer from integer of different size [-Wint-to-pointer-cast]
  153 |               fVar13 = ((CSceneVehicleCarTuning*)this->m_field_64)->GetMaxSideFrictionFromSpeed(in_stack_00000068);
      |                         ^~~~~~~~~~~~~~~~~~~~~~~~~~~~~~~~~~~~~~~~~
scratch_ComputeForcesModel3.cpp:153:97: error: cannot convert ‘float*’ to ‘float’
  153 |               fVar13 = ((CSceneVehicleCarTuning*)this->m_field_64)->GetMaxSideFrictionFromSpeed(in_stack_00000068);
      |                                                                                                 ^~~~~~~~~~~~~~~~~
      |                                                                                                 |
      |                                                                                                 float*
In file included from scratch_ComputeForcesModel3.cpp:2:
./Scene/CSceneVehicleCarTuning.hpp:47:45: note: initializing argument 1 of ‘float CSceneVehicleCarTuning::GetMaxSideFrictionFromSpeed(float)’
   47 |     float GetMaxSideFrictionFromSpeed(float speed);
      |                                       ~~~~~~^~~~~
scratch_ComputeForcesModel3.cpp:196:27: warning: cast to pointer from integer of different size [-Wint-to-pointer-cast]
  196 |                        (-*(float *)(*(int*)(size_t)pSVar8 + 0xa4) * (float)(size_t)1.0f *
      |                           ^~~~~~~~~~~~~~~~~~~~~~~~~~~~~~~~~~~~~~~
scratch_ComputeForcesModel3.cpp:207:38: warning: cast to pointer from integer of different size [-Wint-to-pointer-cast]
  207 |                                     *(void**)
      |                                      ^~~~~~~~
  208 |                                      (iVar9 + 0x24),(uint32_t)(size_t)in_stack_ffffff70);
      |                                      ~~~~~~~~~~~~~~
scratch_ComputeForcesModel3.cpp:209:30: warning: cast to pointer from integer of different size [-Wint-to-pointer-cast]
  209 |                 unaff_EBP = *(GmVec3*)(*(int*)(size_t)pSVar8 + 0xb4);
      |                              ^~~~~~~~~~~~~~~~~~~~~~~~~~~~~~~~~~~~~~~
scratch_ComputeForcesModel3.cpp:242:25: warning: cast to pointer from integer of different size [-Wint-to-pointer-cast]
  242 |               fVar13 = ((CSceneVehicleCarTuning*)this->m_field_64)->GetRolloverLateralCoefFromAngle(fVar13);
      |                         ^~~~~~~~~~~~~~~~~~~~~~~~~~~~~~~~~~~~~~~~~
scratch_ComputeForcesModel3.cpp:245:25: warning: cast to pointer from integer of different size [-Wint-to-pointer-cast]
  245 |               fVar15 = ((CSceneVehicleCarTuning*)this->m_field_64)->GetRolloverLateralFromSpeed(fVar15);
      |                         ^~~~~~~~~~~~~~~~~~~~~~~~~~~~~~~~~~~~~~~~~
scratch_ComputeForcesModel3.cpp:258:25: warning: pointer of type ‘void *’ used in arithmetic [-Wpointer-arith]
  258 |       pCVar21 = pCVar21 + 1;
      |                 ~~~~~~~~^~~
scratch_ComputeForcesModel3.cpp:267:26: warning: cast to pointer from integer of different size [-Wint-to-pointer-cast]
  267 |                       (&((CSceneVehicleCarTuning*)this->m_field_64)->m_field_14,pCVar17,(uint32_t)(size_t)unaff_ESI);
      |                          ^~~~~~~~~~~~~~~~~~~~~~~~~~~~~~~~~~~~~~~~~
scratch_ComputeForcesModel3.cpp:268:8: warning: cast to pointer from integer of different size [-Wint-to-pointer-cast]
  268 |   if (*(int *)(*(int*)(size_t)pSVar10 + 0x354) != 1) {
      |        ^~~~~~~~~~~~~~~~~~~~~~~~~~~~~~~~~~~~~~~
scratch_ComputeForcesModel3.cpp:312:29: warning: cast to pointer from integer of different size [-Wint-to-pointer-cast]
  312 |                            *(void**)(iVar1 + 0x24),
      |                             ^~~~~~~~~~~~~~~~~~~~~~
scratch_ComputeForcesModel3.cpp:314:35: warning: cast to pointer from integer of different size [-Wint-to-pointer-cast]
  314 |       param_12 = (float*)(size_t)*(float*)(*(int*)(size_t)pSVar10 + 0x74);
      |                                   ^~~~~~~~~~~~~~~~~~~~~~~~~~~~~~~~~~~~~~~
scratch_ComputeForcesModel3.cpp:328:29: warning: cast to pointer from integer of different size [-Wint-to-pointer-cast]
  328 |                            *(void**)(iVar1 + 0x24),
      |                             ^~~~~~~~~~~~~~~~~~~~~~
scratch_ComputeForcesModel3.cpp:331:17: warning: cast to pointer from integer of different size [-Wint-to-pointer-cast]
  331 |       fVar14 = ((CSceneVehicleCarTuning*)this->m_field_64)->GetMaxSideFrictionFromSpeed((float)(size_t)pCVar21);
      |                 ^~~~~~~~~~~~~~~~~~~~~~~~~~~~~~~~~~~~~~~~~
scratch_ComputeForcesModel3.cpp:333:53: warning: cast to pointer from integer of different size [-Wint-to-pointer-cast]
  333 |       in_stack_0000003c = (int *)(size_t)(fVar14 * *(float *)((int)(size_t)in_stack_00000040 + 0xc));
      |                                                     ^~~~~~~~~~~~~~~~~~~~~~~~~~~~~~~~~~~~~~~~~~~~~~~
scratch_ComputeForcesModel3.cpp:334:18: warning: cast to pointer from integer of different size [-Wint-to-pointer-cast]
  334 |       pCVar21 = *(void**)(iVar1 + 0x24);
      |                  ^~~~~~~~~~~~~~~~~~~~~~
scratch_ComputeForcesModel3.cpp:339:30: warning: cast to pointer from integer of different size [-Wint-to-pointer-cast]
  339 |            (int *)(size_t)(-*(float *)(*(int*)(size_t)pSVar10 + 0xa4) * (float)(size_t)1.0f *
      |                              ^~~~~~~~~~~~~~~~~~~~~~~~~~~~~~~~~~~~~~~~
scratch_ComputeForcesModel3.cpp:346:31: warning: cast to pointer from integer of different size [-Wint-to-pointer-cast]
  346 |                              *(void**)(iVar1 + 0x24),
      |                               ^~~~~~~~~~~~~~~~~~~~~~
scratch_ComputeForcesModel3.cpp:348:19: warning: cast to pointer from integer of different size [-Wint-to-pointer-cast]
  348 |         pCVar6 = *(void**)(iVar1 + 0x24);
      |                   ^~~~~~~~~~~~~~~~~~~~~~
scratch_ComputeForcesModel3.cpp:353:15: warning: cast to pointer from integer of different size [-Wint-to-pointer-cast]
  353 |              *(float *)(*(int*)(size_t)pSVar7 + 0xe4) * in_stack_ffffffc0 +
      |               ^~~~~~~~~~~~~~~~~~~~~~~~~~~~~~~~~~~~~~~
scratch_ComputeForcesModel3.cpp:354:22: warning: cast to pointer from integer of different size [-Wint-to-pointer-cast]
  354 |              (1.0 - *(float *)(*(int*)(size_t)pSVar10 + 0xe4)) * in_stack_00000048;
      |                      ^~~~~~~~~~~~~~~~~~~~~~~~~~~~~~~~~~~~~~~~
scratch_ComputeForcesModel3.cpp:363:29: warning: cast to pointer from integer of different size [-Wint-to-pointer-cast]
  363 |                            *(void**)(iVar1 + 0x24),
      |                             ^~~~~~~~~~~~~~~~~~~~~~
scratch_ComputeForcesModel3.cpp:366:17: warning: cast to pointer from integer of different size [-Wint-to-pointer-cast]
  366 |       fVar13 = *(float *)(*(int*)(size_t)pSVar10 + 0x98);
      |                 ^~~~~~~~~~~~~~~~~~~~~~~~~~~~~~~~~~~~~~~~
scratch_ComputeForcesModel3.cpp:374:33: warning: cast to pointer from integer of different size [-Wint-to-pointer-cast]
  374 |                                *(void**)(iVar1 + 0x24),
      |                                 ^~~~~~~~~~~~~~~~~~~~~~
scratch_ComputeForcesModel3.cpp:377:17: warning: cast to pointer from integer of different size [-Wint-to-pointer-cast]
  377 |                *(void**)(*(int*)(size_t)pSVar10 + 0x9c);
      |                 ^~~~~~~~~~~~~~~~~~~~~~~~~~~~~~~~~~~~~~~
scratch_ComputeForcesModel3.cpp:382:31: warning: cast to pointer from integer of different size [-Wint-to-pointer-cast]
  382 |                              *(void**)(iVar1 + 0x24),
      |                               ^~~~~~~~~~~~~~~~~~~~~~
scratch_ComputeForcesModel3.cpp:386:19: warning: cast to pointer from integer of different size [-Wint-to-pointer-cast]
  386 |         fVar15 = ((CSceneVehicleCarTuning*)this->m_field_64)->GetSteerDriveTorqueFromSpeed(fVar15);
      |                   ^~~~~~~~~~~~~~~~~~~~~~~~~~~~~~~~~~~~~~~~~
scratch_ComputeForcesModel3.cpp:401:17: warning: cast to pointer from integer of different size [-Wint-to-pointer-cast]
  401 |       param_6 = (GmVec3 *)((int)(fVar13 * (float)(size_t)param_6) + 1);
      |                 ^~~~~~~~~~~~~~~~~~~~~~~~~~~~~~~~~~~~~~~~~~~~~~~~~~~~~~
scratch_ComputeForcesModel3.cpp:405:26: warning: cast to pointer from integer of different size [-Wint-to-pointer-cast]
  405 |                       (&((CSceneVehicleCarTuning*)this->m_field_64)->m_field_14,
      |                          ^~~~~~~~~~~~~~~~~~~~~~~~~~~~~~~~~~~~~~~~~
scratch_ComputeForcesModel3.cpp:406:25: warning: cast to pointer from integer of different size [-Wint-to-pointer-cast]
  406 |                        *(void**)
      |                         ^~~~~~~~
  407 |                         ((int)(size_t)this->m_field_64 + 0x24),(uint32_t)(*(size_t*)&unaff_EBX));
      |                         ~~~~~~~~~~~~~~~~~~~~~~~~~~~~~~~~~~~~~~
scratch_ComputeForcesModel3.cpp:408:49: warning: cast to pointer from integer of different size [-Wint-to-pointer-cast]
  408 |   param_10 = (SBlendableVals *)(size_t)(size_t)((CSceneVehicleCarTuning*)this->m_field_64)->GetAccelFromSpeed((float)(*(size_t*)&in_stack_ffffff94));
      |                                                 ^~~~~~~~~~~~~~~~~~~~~~~~~~~~~~~~~~~~~~~~~
scratch_ComputeForcesModel3.cpp:410:26: warning: cast to pointer from integer of different size [-Wint-to-pointer-cast]
  410 |                       (&((CSceneVehicleCarTuning*)this->m_field_64)->m_field_14,
      |                          ^~~~~~~~~~~~~~~~~~~~~~~~~~~~~~~~~~~~~~~~~
scratch_ComputeForcesModel3.cpp:411:25: warning: cast to pointer from integer of different size [-Wint-to-pointer-cast]
  411 |                        *(void**)
      |                         ^~~~~~~~
  412 |                         ((int)(size_t)this->m_field_64 + 0x24),(uint32_t)(size_t)in_stack_ffffff98);
      |                         ~~~~~~~~~~~~~~~~~~~~~~~~~~~~~~~~~~~~~~
scratch_ComputeForcesModel3.cpp:413:13: warning: cast to pointer from integer of different size [-Wint-to-pointer-cast]
  413 |   fVar15 = ((CSceneVehicleCarTuning*)this->m_field_64)->GetMaxSideFrictionFromSpeed((float)(size_t)pCVar21);
      |             ^~~~~~~~~~~~~~~~~~~~~~~~~~~~~~~~~~~~~~~~~
scratch_ComputeForcesModel3.cpp:415:59: warning: cast to pointer from integer of different size [-Wint-to-pointer-cast]
  415 |   param_10 = (SBlendableVals *)(size_t)(size_t)(fVar15 * *(float *)((int)(size_t)in_stack_00000040 + 0xc));
      |                                                           ^~~~~~~~~~~~~~~~~~~~~~~~~~~~~~~~~~~~~~~~~~~~~~~
scratch_ComputeForcesModel3.cpp:421:33: warning: cast to pointer from integer of different size [-Wint-to-pointer-cast]
  421 |        (int *)(size_t)std::abs(*(float *)(*(int*)(size_t)pSVar10 + 0xa4) * (float)(size_t)1.0f * *(float*)(size_t)pGVar5);
      |                                 ^~~~~~~~~~~~~~~~~~~~~~~~~~~~~~~~~~~~~~~~
scratch_ComputeForcesModel3.cpp:436:9: warning: cast to pointer from integer of different size [-Wint-to-pointer-cast]
  436 |        ((CSceneVehicleCarTuning*)this->m_field_64)->GetSteerDriveTorqueFromSpeed(
      |         ^~~~~~~~~~~~~~~~~~~~~~~~~~~~~~~~~~~~~~~~~
scratch_ComputeForcesModel3.cpp:453:71: warning: cast to pointer from integer of different size [-Wint-to-pointer-cast]
  453 |            (*(float*)((char*)(size_t)((char*)(size_t)this + 0x50)) * *(float *)((int)(size_t)in_stack_00000050 + 4) +
      |                                                                       ^~~~~~~~~~~~~~~~~~~~~~~~~~~~~~~~~~~~~~~~~~~~~
scratch_ComputeForcesModel3.cpp:454:34: warning: cast to pointer from integer of different size [-Wint-to-pointer-cast]
  454 |             in_stack_00000048 * *(float *)((int)(size_t)in_stack_00000050 + 4) * *(float*)((char*)(size_t)((char*)(size_t)this + 0x54)) +
      |                                  ^~~~~~~~~~~~~~~~~~~~~~~~~~~~~~~~~~~~~~~~~~~~~
scratch_ComputeForcesModel3.cpp:477:12: warning: cast to pointer from integer of different size [-Wint-to-pointer-cast]
  477 |          (*(float *)(*(int*)(size_t)pSVar10 + 0x44) * *(float*)((char*)(size_t)pGVar5 + 8) +
      |            ^~~~~~~~~~~~~~~~~~~~~~~~~~~~~~~~~~~~~~~~
scratch_ComputeForcesModel3.cpp:478:11: warning: cast to pointer from integer of different size [-Wint-to-pointer-cast]
  478 |          *(float *)(*(int*)(size_t)pSVar7 + 0x40)) * *(float*)((char*)(size_t)((char*)(size_t)this + 0x54));
      |           ^~~~~~~~~~~~~~~~~~~~~~~~~~~~~~~~~~~~~~~
scratch_ComputeForcesModel3.cpp:484:28: warning: cast to pointer from integer of different size [-Wint-to-pointer-cast]
  484 |       in_stack_00000044 = *(float *)(*(int*)(size_t)pSVar10 + 0x4c);
      |                            ^~~~~~~~~~~~~~~~~~~~~~~~~~~~~~~~~~~~~~~~
scratch_ComputeForcesModel3.cpp:491:28: warning: cast to pointer from integer of different size [-Wint-to-pointer-cast]
  491 |       in_stack_00000044 = *(float *)(*(int*)(size_t)pSVar10 + 0x48);
      |                            ^~~~~~~~~~~~~~~~~~~~~~~~~~~~~~~~~~~~~~~~
scratch_ComputeForcesModel3.cpp:502:27: warning: pointer of type ‘void *’ used in arithmetic [-Wpointer-arith]
  502 |           pCVar6 = pCVar6 + 1;
      |                    ~~~~~~~^~~
scratch_ComputeForcesModel3.cpp:521:12: warning: cast to pointer from integer of different size [-Wint-to-pointer-cast]
  521 |          (*(float *)(*(int*)(size_t)pSVar10 + 0x40) -
      |            ^~~~~~~~~~~~~~~~~~~~~~~~~~~~~~~~~~~~~~~~
scratch_ComputeForcesModel3.cpp:522:11: warning: cast to pointer from integer of different size [-Wint-to-pointer-cast]
  522 |          *(float *)(*(int*)(size_t)pSVar7 + 0x44) * *(float*)((char*)(size_t)pGVar5 + 8)) * *(float*)((char*)(size_t)((char*)(size_t)this + 0x50));
      |           ^~~~~~~~~~~~~~~~~~~~~~~~~~~~~~~~~~~~~~~
scratch_ComputeForcesModel3.cpp:528:28: warning: cast to pointer from integer of different size [-Wint-to-pointer-cast]
  528 |       in_stack_00000070 = *(float *)(*(int*)(size_t)pSVar10 + 0x4c);
      |                            ^~~~~~~~~~~~~~~~~~~~~~~~~~~~~~~~~~~~~~~~
scratch_ComputeForcesModel3.cpp:535:28: warning: cast to pointer from integer of different size [-Wint-to-pointer-cast]
  535 |       in_stack_00000070 = *(float *)(*(int*)(size_t)pSVar10 + 0x48);
      |                            ^~~~~~~~~~~~~~~~~~~~~~~~~~~~~~~~~~~~~~~~
scratch_ComputeForcesModel3.cpp:547:27: warning: pointer of type ‘void *’ used in arithmetic [-Wpointer-arith]
  547 |           pCVar6 = pCVar6 + 1;
      |                    ~~~~~~~^~~
scratch_ComputeForcesModel3.cpp:566:40: warning: cast to pointer from integer of different size [-Wint-to-pointer-cast]
  566 |   in_stack_0000005c = (int *)(size_t)(*(float *)(*(int*)(size_t)pSVar10 + 0x30) * *in_stack_00000064);
      |                                        ^~~~~~~~~~~~~~~~~~~~~~~~~~~~~~~~~~~~~~~~
scratch_ComputeForcesModel3.cpp:571:42: warning: cast to pointer from integer of different size [-Wint-to-pointer-cast]
  571 |   in_stack_00000068 = (float *)(size_t)(*(float *)(*(int*)(size_t)pSVar10 + 0x2c) * *pfVar22);
      |                                          ^~~~~~~~~~~~~~~~~~~~~~~~~~~~~~~~~~~~~~~~
scratch_ComputeForcesModel3.cpp:577:27: warning: cast to pointer from integer of different size [-Wint-to-pointer-cast]
  577 |     in_stack_00000070 = -*(float *)(*(int*)(size_t)pSVar10 + 0x60);
      |                           ^~~~~~~~~~~~~~~~~~~~~~~~~~~~~~~~~~~~~~~~
scratch_ComputeForcesModel3.cpp:584:26: warning: cast to pointer from integer of different size [-Wint-to-pointer-cast]
  584 |     in_stack_00000074 = *(uint32_t *)(*(int*)(size_t)pSVar10 + 0x60);
      |                          ^~~~~~~~~~~~~~~~~~~~~~~~~~~~~~~~~~~~~~~~~~~
scratch_ComputeForcesModel3.cpp:594:26: warning: cast to pointer from integer of different size [-Wint-to-pointer-cast]
  594 |                       (&((CSceneVehicleCarTuning*)this->m_field_64)->m_field_14,
      |                          ^~~~~~~~~~~~~~~~~~~~~~~~~~~~~~~~~~~~~~~~~
scratch_ComputeForcesModel3.cpp:595:25: warning: cast to pointer from integer of different size [-Wint-to-pointer-cast]
  595 |                        *(void**)
      |                         ^~~~~~~~
  596 |                         ((int)(size_t)this->m_field_64 + 0x24),(uint32_t)(size_t)in_stack_ffffffd0);
      |                         ~~~~~~~~~~~~~~~~~~~~~~~~~~~~~~~~~~~~~~
scratch_ComputeForcesModel3.cpp:597:35: warning: cast to pointer from integer of different size [-Wint-to-pointer-cast]
  597 |   param_8 = -in_stack_00000058 * *(float *)(*(int*)(size_t)pSVar10 + 0xc0);
      |                                   ^~~~~~~~~~~~~~~~~~~~~~~~~~~~~~~~~~~~~~~~
scratch_ComputeForcesModel3.cpp:608:52: warning: cast to pointer from integer of different size [-Wint-to-pointer-cast]
  608 |   param_10 = (SBlendableVals *)(size_t)(size_t)((-*(float *)(*(int*)(size_t)pSVar10 + 100) * in_stack_00000064[2]) /
      |                                                    ^~~~~~~~~~~~~~~~~~~~~~~~~~~~~~~~~~~~~~~
scratch_ComputeForcesModel3.cpp:609:15: warning: cast to pointer from integer of different size [-Wint-to-pointer-cast]
  609 |              *(float *)(*(int*)(size_t)pSVar7 + 0x160));
      |               ^~~~~~~~~~~~~~~~~~~~~~~~~~~~~~~~~~~~~~~~
